{
  "subject": "sub-01",
  "session": "NA",
  "run": "NA",
  "task": "NA",
  "data": {
    "MESE": {
        "nii": [
            "qmri_mese/sub-01/anat/sub-01_echo-01_MESE.nii.gz",
            "qmri_mese/sub-01/anat/sub-01_echo-02_MESE.nii.gz",
            "qmri_mese/sub-01/anat/sub-01_echo-03_MESE.nii.gz",
            "qmri_mese/sub-01/anat/sub-01_echo-04_MESE.nii.gz",
            "qmri_mese/sub-01/anat/sub-01_echo-05_MESE.nii.gz",
            "qmri_mese/sub-01/anat/sub-01_echo-06_MESE.nii.gz",
            "qmri_mese/sub-01/anat/sub-01_echo-07_MESE.nii.gz",
            "qmri_mese/sub-01/anat/sub-01_echo-08_MESE.nii.gz",
            "qmri_mese/sub-01/anat/sub-01_echo-09_MESE.nii.gz",
            "qmri_mese/sub-01/anat/sub-01_echo-10_MESE.nii.gz",
            "qmri_mese/sub-01/anat/sub-01_echo-11_MESE.nii.gz",
            "qmri_mese/sub-01/anat/sub-01_echo-12_MESE.nii.gz",
            "qmri_mese/sub-01/anat/sub-01_echo-13_MESE.nii.gz",
            "qmri_mese/sub-01/anat/sub-01_echo-14_MESE.nii.gz",
            "qmri_mese/sub-01/anat/sub-01_echo-15_MESE.nii.gz",
            "qmri_mese/sub-01/anat/sub-01_echo-16_MESE.nii.gz",
            "qmri_mese/sub-01/anat/sub-01_echo-17_MESE.nii.gz",
            "qmri_mese/sub-01/anat/sub-01_echo-18_MESE.nii.gz",
            "qmri_mese/sub-01/anat/sub-01_echo-19_MESE.nii.gz",
            "qmri_mese/sub-01/anat/sub-01_echo-20_MESE.nii.gz",
            "qmri_mese/sub-01/anat/sub-01_echo-21_MESE.nii.gz",
            "qmri_mese/sub-01/anat/sub-01_echo-22_MESE.nii.gz",
            "qmri_mese/sub-01/anat/sub-01_echo-23_MESE.nii.gz",
            "qmri_mese/sub-01/anat/sub-01_echo-24_MESE.nii.gz",
            "qmri_mese/sub-01/anat/sub-01_echo-25_MESE.nii.gz",
            "qmri_mese/sub-01/anat/sub-01_echo-26_MESE.nii.gz",
            "qmri_mese/sub-01/anat/sub-01_echo-27_MESE.nii.gz",
            "qmri_mese/sub-01/anat/sub-01_echo-28_MESE.nii.gz",
            "qmri_mese/sub-01/anat/sub-01_echo-29_MESE.nii.gz",
            "qmri_mese/sub-01/anat/sub-01_echo-30_MESE.nii.gz",
            "qmri_mese/sub-01/anat/sub-01_echo-31_MESE.nii.gz",
            "qmri_mese/sub-01/anat/sub-01_echo-32_MESE.nii.gz"
        ],
        "json": [
            "qmri_mese/sub-01/anat/sub-01_echo-01_MESE.json",
            "qmri_mese/sub-01/anat/sub-01_echo-02_MESE.json",
            "qmri_mese/sub-01/anat/sub-01_echo-03_MESE.json",
            "qmri_mese/sub-01/anat/sub-01_echo-04_MESE.json",
            "qmri_mese/sub-01/anat/sub-01_echo-05_MESE.json",
            "qmri_mese/sub-01/anat/sub-01_echo-06_MESE.json",
            "qmri_mese/sub-01/anat/sub-01_echo-07_MESE.json",
            "qmri_mese/sub-01/anat/sub-01_echo-08_MESE.json",
            "qmri_mese/sub-01/anat/sub-01_echo-09_MESE.json",
            "qmri_mese/sub-01/anat/sub-01_echo-10_MESE.json",
            "qmri_mese/sub-01/anat/sub-01_echo-11_MESE.json",
            "qmri_mese/sub-01/anat/sub-01_echo-12_MESE.json",
            "qmri_mese/sub-01/anat/sub-01_echo-13_MESE.json",
            "qmri_mese/sub-01/anat/sub-01_echo-14_MESE.json",
            "qmri_mese/sub-01/anat/sub-01_echo-15_MESE.json",
            "qmri_mese/sub-01/anat/sub-01_echo-16_MESE.json",
            "qmri_mese/sub-01/anat/sub-01_echo-17_MESE.json",
            "qmri_mese/sub-01/anat/sub-01_echo-18_MESE.json",
            "qmri_mese/sub-01/anat/sub-01_echo-19_MESE.json",
            "qmri_mese/sub-01/anat/sub-01_echo-20_MESE.json",
            "qmri_mese/sub-01/anat/sub-01_echo-21_MESE.json",
            "qmri_mese/sub-01/anat/sub-01_echo-22_MESE.json",
            "qmri_mese/sub-01/anat/sub-01_echo-23_MESE.json",
            "qmri_mese/sub-01/anat/sub-01_echo-24_MESE.json",
            "qmri_mese/sub-01/anat/sub-01_echo-25_MESE.json",
            "qmri_mese/sub-01/anat/sub-01_echo-26_MESE.json",
            "qmri_mese/sub-01/anat/sub-01_echo-27_MESE.json",
            "qmri_mese/sub-01/anat/sub-01_echo-28_MESE.json",
            "qmri_mese/sub-01/anat/sub-01_echo-29_MESE.json",
            "qmri_mese/sub-01/anat/sub-01_echo-30_MESE.json",
            "qmri_mese/sub-01/anat/sub-01_echo-31_MESE.json",
            "qmri_mese/sub-01/anat/sub-01_echo-32_MESE.json"
        ]
    }
}
}
