{
  "subject": "sub-cbm020",
  "session": "NA",
  "run": "NA",
  "task": "task-protmap",
  "data": {
    "channels": {
        "tsv": "eeg_cbm/sub-cbm020/eeg/sub-cbm020_task-protmap_channels.tsv"
    },
    "eeg": {
        "json": "eeg_cbm/sub-cbm020/eeg/sub-cbm020_task-protmap_eeg.json",
        "edf": "eeg_cbm/sub-cbm020/eeg/sub-cbm020_task-protmap_eeg.edf"
    },
    "events": {
        "tsv": "eeg_cbm/sub-cbm020/eeg/sub-cbm020_task-protmap_events.tsv"
    }
}
}
