{
  "subject": "sub-01",
  "session": "null",
  "run": "null",
  "totalFiles": 16,
  "data": {
    "MEGRE": {
        "nii": [
            "qmri_megre/sub-01/anat/sub-01_echo-01_MEGRE.nii.gz",
            "qmri_megre/sub-01/anat/sub-01_echo-02_MEGRE.nii.gz",
            "qmri_megre/sub-01/anat/sub-01_echo-03_MEGRE.nii.gz",
            "qmri_megre/sub-01/anat/sub-01_echo-04_MEGRE.nii.gz",
            "qmri_megre/sub-01/anat/sub-01_echo-05_MEGRE.nii.gz",
            "qmri_megre/sub-01/anat/sub-01_echo-06_MEGRE.nii.gz",
            "qmri_megre/sub-01/anat/sub-01_echo-07_MEGRE.nii.gz",
            "qmri_megre/sub-01/anat/sub-01_echo-08_MEGRE.nii.gz"
        ],
        "json": [
            "qmri_megre/sub-01/anat/sub-01_echo-01_MEGRE.json",
            "qmri_megre/sub-01/anat/sub-01_echo-02_MEGRE.json",
            "qmri_megre/sub-01/anat/sub-01_echo-03_MEGRE.json",
            "qmri_megre/sub-01/anat/sub-01_echo-04_MEGRE.json",
            "qmri_megre/sub-01/anat/sub-01_echo-05_MEGRE.json",
            "qmri_megre/sub-01/anat/sub-01_echo-06_MEGRE.json",
            "qmri_megre/sub-01/anat/sub-01_echo-07_MEGRE.json",
            "qmri_megre/sub-01/anat/sub-01_echo-08_MEGRE.json"
        ]
    }
}
}
