{
  "subject": "sub-01",
  "session": "NA",
  "run": "NA",
  "task": "task-pain",
  "data": {
    "events": {
        "tsv": "ds-mrs_fmrs/sub-01/mrs/sub-01_task-pain_events.tsv"
    },
    "mrsref": {
        "nii": "ds-mrs_fmrs/sub-01/mrs/sub-01_task-pain_mrsref.nii.gz",
        "json": "ds-mrs_fmrs/sub-01/mrs/sub-01_task-pain_mrsref.json"
    },
    "svs": {
        "nii": "ds-mrs_fmrs/sub-01/mrs/sub-01_task-pain_svs.nii.gz",
        "json": "ds-mrs_fmrs/sub-01/mrs/sub-01_task-pain_svs.json"
    },
    "T1w": {
        "nii": "ds-mrs_fmrs/sub-01/anat/sub-01_T1w.nii.gz",
        "json": "ds-mrs_fmrs/sub-01/anat/sub-01_T1w.json"
    }
}
}
