{
  "subject": "sub-01",
  "session": "NA",
  "run": "NA",
  "task": "task-baseline",
  "totalFiles": 4,
  "data": {
    "mrsref": {
        "nii": "ds-mrs_fmrs/sub-01/mrs/sub-01_task-baseline_mrsref.nii.gz",
        "json": "ds-mrs_fmrs/sub-01/mrs/sub-01_task-baseline_mrsref.json"
    },
    "svs": {
        "nii": "ds-mrs_fmrs/sub-01/mrs/sub-01_task-baseline_svs.nii.gz",
        "json": "ds-mrs_fmrs/sub-01/mrs/sub-01_task-baseline_svs.json"
    },
    "T1w": {
        "nii": "ds-mrs_fmrs/sub-01/anat/sub-01_T1w.nii.gz",
        "json": "ds-mrs_fmrs/sub-01/anat/sub-01_T1w.json"
    }
}
}
