{
  "subject": "sub-Sub103",
  "session": "NA",
  "run": "NA",
  "task": "NA",
  "totalFiles": 5,
  "data": {
    "T1w": {
        "nii": "asl001/sub-Sub103/anat/sub-Sub103_T1w.nii.gz",
        "json": "asl001/sub-Sub103/anat/sub-Sub103_T1w.json"
    },
    "asl": {
        "nii": "asl001/sub-Sub103/perf/sub-Sub103_asl.nii.gz",
        "json": "asl001/sub-Sub103/perf/sub-Sub103_asl.json"
    },
    "aslcontext": {
        "tsv": "asl001/sub-Sub103/perf/sub-Sub103_aslcontext.tsv"
    }
}
}
