{
  "subject": "sub-01",
  "session": "null",
  "run": "null",
  "bids2nfTypes": ["sequential"],
  "totalFiles": 4,
  "data": {
    "TB1DAM": {
        "nii": [
            "qmri_mtsat/sub-01/fmap/sub-01_flip-1_TB1DAM.nii.gz",
            "qmri_mtsat/sub-01/fmap/sub-01_flip-2_TB1DAM.nii.gz"
        ],
        "json": [
            "qmri_mtsat/sub-01/fmap/sub-01_flip-1_TB1DAM.json",
            "qmri_mtsat/sub-01/fmap/sub-01_flip-2_TB1DAM.json"
        ]
    }
}
}
