Entity based grouping .... sub-invivo2 run-01 null
=================================
  - PDw
    - NII: ds-mtsat/sub-invivo2/anat/sub-invivo2_run-01_flip-01_mt-off_MTS.nii.gz
    - JSON: ds-mtsat/sub-invivo2/anat/sub-invivo2_run-01_flip-01_mt-off_MTS.json
----------------------------------
  - T1w
    - NII: ds-mtsat/sub-invivo2/anat/sub-invivo2_run-01_flip-02_mt-off_MTS.nii.gz
    - JSON: ds-mtsat/sub-invivo2/anat/sub-invivo2_run-01_flip-02_mt-off_MTS.json
----------------------------------
  - MTw
    - NII: ds-mtsat/sub-invivo2/anat/sub-invivo2_run-01_flip-01_mt-on_MTS.nii.gz
    - JSON: ds-mtsat/sub-invivo2/anat/sub-invivo2_run-01_flip-01_mt-on_MTS.json
=================================
