Entity based grouping .... sub-phantom ses-vendorSKYrev null
=================================
  - PDw
    - NII: ds-mtsat/sub-phantom/ses-vendorSKYrev/anat/sub-phantom_ses-vendorSKYrev_flip-01_mt-off_MTS.nii.gz
    - JSON: ds-mtsat/sub-phantom/ses-vendorSKYrev/anat/sub-phantom_ses-vendorSKYrev_flip-01_mt-off_MTS.json
----------------------------------
  - T1w
    - NII: ds-mtsat/sub-phantom/ses-vendorSKYrev/anat/sub-phantom_ses-vendorSKYrev_flip-02_mt-off_MTS.nii.gz
    - JSON: ds-mtsat/sub-phantom/ses-vendorSKYrev/anat/sub-phantom_ses-vendorSKYrev_flip-02_mt-off_MTS.json
----------------------------------
  - MTw
    - NII: ds-mtsat/sub-phantom/ses-vendorSKYrev/anat/sub-phantom_ses-vendorSKYrev_flip-01_mt-on_MTS.nii.gz
    - JSON: ds-mtsat/sub-phantom/ses-vendorSKYrev/anat/sub-phantom_ses-vendorSKYrev_flip-01_mt-on_MTS.json
=================================
