Entity based grouping .... sub-phantom ses-vendor750rev null
=================================
  - PDw
    - NII: ds-mtsat/sub-phantom/ses-vendor750rev/anat/sub-phantom_ses-vendor750rev_flip-01_mt-off_MTS.nii.gz
    - JSON: ds-mtsat/sub-phantom/ses-vendor750rev/anat/sub-phantom_ses-vendor750rev_flip-01_mt-off_MTS.json
----------------------------------
  - T1w
    - NII: ds-mtsat/sub-phantom/ses-vendor750rev/anat/sub-phantom_ses-vendor750rev_flip-02_mt-off_MTS.nii.gz
    - JSON: ds-mtsat/sub-phantom/ses-vendor750rev/anat/sub-phantom_ses-vendor750rev_flip-02_mt-off_MTS.json
----------------------------------
  - MTw
    - NII: ds-mtsat/sub-phantom/ses-vendor750rev/anat/sub-phantom_ses-vendor750rev_flip-01_mt-on_MTS.nii.gz
    - JSON: ds-mtsat/sub-phantom/ses-vendor750rev/anat/sub-phantom_ses-vendor750rev_flip-01_mt-on_MTS.json
=================================
