Entity based grouping .... sub-phantom ses-rthSKYrev null
=================================
  - PDw
    - NII: ds-mtsat/sub-phantom/ses-rthSKYrev/anat/sub-phantom_ses-rthSKYrev_flip-01_mt-off_MTS.nii.gz
    - JSON: ds-mtsat/sub-phantom/ses-rthSKYrev/anat/sub-phantom_ses-rthSKYrev_flip-01_mt-off_MTS.json
----------------------------------
  - T1w
    - NII: ds-mtsat/sub-phantom/ses-rthSKYrev/anat/sub-phantom_ses-rthSKYrev_flip-02_mt-off_MTS.nii.gz
    - JSON: ds-mtsat/sub-phantom/ses-rthSKYrev/anat/sub-phantom_ses-rthSKYrev_flip-02_mt-off_MTS.json
----------------------------------
  - MTw
    - NII: ds-mtsat/sub-phantom/ses-rthSKYrev/anat/sub-phantom_ses-rthSKYrev_flip-01_mt-on_MTS.nii.gz
    - JSON: ds-mtsat/sub-phantom/ses-rthSKYrev/anat/sub-phantom_ses-rthSKYrev_flip-01_mt-on_MTS.json
=================================
