Entity based grouping .... sub-phantom ses-rth750rev run-02
=================================
  - PDw
    - NII: ds-mtsat/sub-phantom/ses-rth750rev/anat/sub-phantom_ses-rth750rev_run-02_flip-01_mt-off_MTS.nii.gz
    - JSON: ds-mtsat/sub-phantom/ses-rth750rev/anat/sub-phantom_ses-rth750rev_run-02_flip-01_mt-off_MTS.json
----------------------------------
  - T1w
    - NII: ds-mtsat/sub-phantom/ses-rth750rev/anat/sub-phantom_ses-rth750rev_run-02_flip-02_mt-off_MTS.nii.gz
    - JSON: ds-mtsat/sub-phantom/ses-rth750rev/anat/sub-phantom_ses-rth750rev_run-02_flip-02_mt-off_MTS.json
----------------------------------
  - MTw
    - NII: ds-mtsat/sub-phantom/ses-rth750rev/anat/sub-phantom_ses-rth750rev_run-02_flip-01_mt-on_MTS.nii.gz
    - JSON: ds-mtsat/sub-phantom/ses-rth750rev/anat/sub-phantom_ses-rth750rev_run-02_flip-01_mt-on_MTS.json
=================================
