{
    "MTS": {
        "PDw": {
            "nii": "ds-mtsat/sub-phantom/ses-rthSKYrev/anat/sub-phantom_ses-rthSKYrev_flip-01_mt-off_MTS.nii.gz",
            "json": "ds-mtsat/sub-phantom/ses-rthSKYrev/anat/sub-phantom_ses-rthSKYrev_flip-01_mt-off_MTS.json"
        },
        "MTw": {
            "nii": "ds-mtsat/sub-phantom/ses-rthSKYrev/anat/sub-phantom_ses-rthSKYrev_flip-01_mt-on_MTS.nii.gz",
            "json": "ds-mtsat/sub-phantom/ses-rthSKYrev/anat/sub-phantom_ses-rthSKYrev_flip-01_mt-on_MTS.json"
        },
        "T1w": {
            "nii": "ds-mtsat/sub-phantom/ses-rthSKYrev/anat/sub-phantom_ses-rthSKYrev_flip-02_mt-off_MTS.nii.gz",
            "json": "ds-mtsat/sub-phantom/ses-rthSKYrev/anat/sub-phantom_ses-rthSKYrev_flip-02_mt-off_MTS.json"
        }
    }
}
