{
    "MTS": {
        "PDw": {
            "nii": "ds-mtsat/sub-phantom/ses-rth750rev/anat/sub-phantom_ses-rth750rev_run-01_flip-01_mt-off_MTS.nii.gz",
            "json": "ds-mtsat/sub-phantom/ses-rth750rev/anat/sub-phantom_ses-rth750rev_run-01_flip-01_mt-off_MTS.json"
        },
        "MTw": {
            "nii": "ds-mtsat/sub-phantom/ses-rth750rev/anat/sub-phantom_ses-rth750rev_run-01_flip-01_mt-on_MTS.nii.gz",
            "json": "ds-mtsat/sub-phantom/ses-rth750rev/anat/sub-phantom_ses-rth750rev_run-01_flip-01_mt-on_MTS.json"
        },
        "T1w": {
            "nii": "ds-mtsat/sub-phantom/ses-rth750rev/anat/sub-phantom_ses-rth750rev_run-01_flip-02_mt-off_MTS.nii.gz",
            "json": "ds-mtsat/sub-phantom/ses-rth750rev/anat/sub-phantom_ses-rth750rev_run-01_flip-02_mt-off_MTS.json"
        }
    }
}
