{
    "VFA": {
        "nii": [
            "qmri_vfa/sub-01/anat/sub-01_flip-1_VFA.nii.gz",
            "qmri_vfa/sub-01/anat/sub-01_flip-2_VFA.nii.gz"
        ],
        "json": [
            "qmri_vfa/sub-01/anat/sub-01_flip-1_VFA.json",
            "qmri_vfa/sub-01/anat/sub-01_flip-2_VFA.json"
        ]
    }
}
