{
  "subject": "sub-1",
  "session": "NA",
  "run": "NA",
  "task": "NA",
  "data": {
    "UNIT1": {
        "nii": "qmri_mp2rage/sub-1/anat/sub-1_UNIT1.nii",
        "json": "qmri_mp2rage/derivatives/pymp2rage/sub-1/anat/sub-1_UNIT1.json"
    },
    "MP2RAGE": {
        "nii": [
            {
                "mag": "qmri_mp2rage/sub-1/anat/sub-1_inv-1_part-mag_MP2RAGE.nii",
                "phase": "qmri_mp2rage/sub-1/anat/sub-1_inv-1_part-phase_MP2RAGE.nii"
            },
            {
                "mag": "qmri_mp2rage/sub-1/anat/sub-1_inv-2_part-mag_MP2RAGE.nii",
                "phase": "qmri_mp2rage/sub-1/anat/sub-1_inv-2_part-phase_MP2RAGE.nii"
            }
        ],
        "json": [
            "qmri_mp2rage/sub-1/anat/sub-1_inv-1_MP2RAGE.json",
            "qmri_mp2rage/sub-1/anat/sub-1_inv-2_MP2RAGE.json"
        ]
    }
}
}
