{
  "subject": "sub-01",
  "session": "NA",
  "run": "NA",
  "task": "NA",
  "totalFiles": 6,
  "data": {
    "T1w": {
        "nii": "ds-dwi/sub-01/anat/sub-01_T1w.nii.gz",
        "json": "ds-dwi/sub-01/anat/sub-01_T1w.json"
    },
    "dwi": {
        "nii": "ds-dwi/sub-01/dwi/sub-01_dwi.nii",
        "json": "ds-dwi/sub-01/dwi/sub-01_dwi.json",
        "bval": "ds-dwi/sub-01/dwi/sub-01_dwi.bval",
        "bvec": "ds-dwi/sub-01/dwi/sub-01_dwi.bvec"
    }
}
}
