{
  "subject": "sub-phantom",
  "session": "ses-rthPRIrev",
  "run": "null",
  "totalFiles": 6,
  "data": {
    "MTS": {
        "PDw": {
            "nii": "ds-mtsat/sub-phantom/ses-rthPRIrev/anat/sub-phantom_ses-rthPRIrev_flip-01_mt-off_MTS.nii.gz",
            "json": "ds-mtsat/sub-phantom/ses-rthPRIrev/anat/sub-phantom_ses-rthPRIrev_flip-01_mt-off_MTS.json"
        },
        "MTw": {
            "nii": "ds-mtsat/sub-phantom/ses-rthPRIrev/anat/sub-phantom_ses-rthPRIrev_flip-01_mt-on_MTS.nii.gz",
            "json": "ds-mtsat/sub-phantom/ses-rthPRIrev/anat/sub-phantom_ses-rthPRIrev_flip-01_mt-on_MTS.json"
        },
        "T1w": {
            "nii": "ds-mtsat/sub-phantom/ses-rthPRIrev/anat/sub-phantom_ses-rthPRIrev_flip-02_mt-off_MTS.nii.gz",
            "json": "ds-mtsat/sub-phantom/ses-rthPRIrev/anat/sub-phantom_ses-rthPRIrev_flip-02_mt-off_MTS.json"
        }
    }
}
}
