{
  "subject": "sub-invivo2",
  "session": "NA",
  "run": "run-01",
  "task": "NA",
  "totalFiles": 6,
  "data": {
    "MTS": {
        "PDw": {
            "nii": "ds-mtsat/sub-invivo2/anat/sub-invivo2_run-01_flip-01_mt-off_MTS.nii.gz",
            "json": "ds-mtsat/sub-invivo2/anat/sub-invivo2_run-01_flip-01_mt-off_MTS.json"
        },
        "MTw": {
            "nii": "ds-mtsat/sub-invivo2/anat/sub-invivo2_run-01_flip-01_mt-on_MTS.nii.gz",
            "json": "ds-mtsat/sub-invivo2/anat/sub-invivo2_run-01_flip-01_mt-on_MTS.json"
        },
        "T1w": {
            "nii": "ds-mtsat/sub-invivo2/anat/sub-invivo2_run-01_flip-02_mt-off_MTS.nii.gz",
            "json": "ds-mtsat/sub-invivo2/anat/sub-invivo2_run-01_flip-02_mt-off_MTS.json"
        }
    }
}
}
