{
  "subject": "sub-phantom",
  "session": "ses-rth750rev",
  "run": "run-01",
  "bids2nfTypes": ["named"],
  "totalFiles": 6,
  "data": {
    "MTS": {
        "PDw": {
            "nii": "ds-mtsat/sub-phantom/ses-rth750rev/anat/sub-phantom_ses-rth750rev_run-01_flip-01_mt-off_MTS.nii.gz",
            "json": "ds-mtsat/sub-phantom/ses-rth750rev/anat/sub-phantom_ses-rth750rev_run-01_flip-01_mt-off_MTS.json"
        },
        "MTw": {
            "nii": "ds-mtsat/sub-phantom/ses-rth750rev/anat/sub-phantom_ses-rth750rev_run-01_flip-01_mt-on_MTS.nii.gz",
            "json": "ds-mtsat/sub-phantom/ses-rth750rev/anat/sub-phantom_ses-rth750rev_run-01_flip-01_mt-on_MTS.json"
        },
        "T1w": {
            "nii": "ds-mtsat/sub-phantom/ses-rth750rev/anat/sub-phantom_ses-rth750rev_run-01_flip-02_mt-off_MTS.nii.gz",
            "json": "ds-mtsat/sub-phantom/ses-rth750rev/anat/sub-phantom_ses-rth750rev_run-01_flip-02_mt-off_MTS.json"
        }
    }
}
}
