{
  "subject": "sub-phantom",
  "session": "ses-vendorPRIrev",
  "run": "NA",
  "task": "NA",
  "data": {
    "MTS": {
        "PDw": {
            "nii": "ds-mtsat/sub-phantom/ses-vendorPRIrev/anat/sub-phantom_ses-vendorPRIrev_flip-01_mt-off_MTS.nii.gz",
            "json": "ds-mtsat/sub-phantom/ses-vendorPRIrev/anat/sub-phantom_ses-vendorPRIrev_flip-01_mt-off_MTS.json"
        },
        "MTw": {
            "nii": "ds-mtsat/sub-phantom/ses-vendorPRIrev/anat/sub-phantom_ses-vendorPRIrev_flip-01_mt-on_MTS.nii.gz",
            "json": "ds-mtsat/sub-phantom/ses-vendorPRIrev/anat/sub-phantom_ses-vendorPRIrev_flip-01_mt-on_MTS.json"
        },
        "T1w": {
            "nii": "ds-mtsat/sub-phantom/ses-vendorPRIrev/anat/sub-phantom_ses-vendorPRIrev_flip-02_mt-off_MTS.nii.gz",
            "json": "ds-mtsat/sub-phantom/ses-vendorPRIrev/anat/sub-phantom_ses-vendorPRIrev_flip-02_mt-off_MTS.json"
        }
    }
}
}
