{
  "subject": "sub-01",
  "session": "NA",
  "run": "NA",
  "task": "NA",
  "totalFiles": 8,
  "data": {
    "IRT1": {
        "nii": [
            "qmri_irt1/sub-01/anat/sub-01_inv-01_IRT1.nii.gz",
            "qmri_irt1/sub-01/anat/sub-01_inv-02_IRT1.nii.gz",
            "qmri_irt1/sub-01/anat/sub-01_inv-03_IRT1.nii.gz",
            "qmri_irt1/sub-01/anat/sub-01_inv-04_IRT1.nii.gz"
        ],
        "json": [
            "qmri_irt1/sub-01/anat/sub-01_inv-01_IRT1.json",
            "qmri_irt1/sub-01/anat/sub-01_inv-02_IRT1.json",
            "qmri_irt1/sub-01/anat/sub-01_inv-03_IRT1.json",
            "qmri_irt1/sub-01/anat/sub-01_inv-04_IRT1.json"
        ]
    }
}
}
